../Core/Src/main.c:87:1:__io_putchar	16	static
../Core/Src/main.c:96:6:Set_LED	24	static
../Core/Src/main.c:105:6:HAL_TIM_PWM_PulseFinishedCallback	16	static
../Core/Src/main.c:110:6:Set_Brightness	40	static
../Core/Src/main.c:129:6:WS2812_Send	32	static
../Core/Src/main.c:168:6:HAL_UARTEx_RxEventCallback	16	static
../Core/Src/main.c:189:5:main	8	static
../Core/Src/main.c:270:6:SystemClock_Config	88	static
../Core/Src/main.c:318:13:MX_TIM1_Init	120	static
../Core/Src/main.c:400:13:MX_USART1_UART_Init	8	static
../Core/Src/main.c:449:13:MX_USART2_UART_Init	8	static
../Core/Src/main.c:497:13:MX_USB_PCD_Init	8	static
../Core/Src/main.c:528:13:MX_DMA_Init	16	static
../Core/Src/main.c:553:13:MX_GPIO_Init	40	static
../Core/Src/main.c:581:6:Error_Handler	4	static,ignoring_inline_asm
